// Jest Snapshot v1, https://goo.gl/fbAQLP

exports[`should render properly with circle icon 1`] = `<svg />`;

exports[`should render properly with circle icon 2`] = `<svg />`;

exports[`should render properly with default icon 1`] = `<svg />`;

exports[`should render properly with triangle icon 1`] = `<svg />`;
