// Jest Snapshot v1, https://goo.gl/fbAQLP

exports[`should render properly with EMPTY Attribute 1`] = `
<div
  style={
    Object {
      "display": "inline-block",
      "verticalAlign": "middle",
      "width": "180px",
    }
  }
>
  <div
    style={
      Object {
        "overflow": "hidden",
        "textOverflow": "ellipsis",
        "whiteSpace": "nowrap",
        "width": "180px",
      }
    }
  />
</div>
`;
