// Jest Snapshot v1, https://goo.gl/fbAQLP

exports[`should render properly with EMPTY Attribute 1`] = `
<div
  className="ant-row-flex ant-row-flex-center ant-row-flex-middle statsBar"
>
  <div
    className="ant-col-4"
  >
    <div>
      Average
    </div>
    <div>
      Health
    </div>
  </div>
  <div
    className="ant-col-4"
  >
    <div>
      3
      <span
        className="statsUnit"
      >
        Gpbs
      </span>
    </div>
    <div>
      Throughput
    </div>
  </div>
  <div
    className="ant-col-4"
  >
    <div>
      <div>
        20
        <span
          className="statsUnit"
        >
          K
        </span>
      </div>
      <div>
        Connections
      </div>
    </div>
  </div>
  <div
    className="ant-col-4"
  >
    <div>
      <div>
        121
        <span
          className="statsUnit"
        >
          K
        </span>
      </div>
      <div>
        Current Connections
      </div>
    </div>
  </div>
  <div
    className="ant-col-4"
  >
    <div>
      <div>
        1
        <span
          className="statsUnit"
        >
          K/S
        </span>
      </div>
      <div>
        Connection Rate
      </div>
    </div>
  </div>
  <div
    className="ant-col-4"
  >
    <div>
      <div>
        96
      </div>
      <div>
        Errors
      </div>
    </div>
  </div>
</div>
`;
