// Jest Snapshot v1, https://goo.gl/fbAQLP

exports[`test component: PullUp should render properly 1`] = `
<div
  style={
    Object {
      "paddingBottom": "100px",
      "position": "relative",
    }
  }
>
  <div
    className="pullup"
    style={
      Object {
        "height": undefined,
        "minHeight": undefined,
      }
    }
  >
    <div
      className="pullupContainer pullup-container"
    >
      <div
        className="pullupHeader"
      >
        <div
          className="pullupHeaderBar"
          draggable={true}
          onDrag={[Function]}
          onDragEnd={[Function]}
          onDragStart={[Function]}
          title="Pull"
        >
          <div />
          <div />
        </div>
      </div>
      <div
        style={
          Object {
            "height": NaN,
            "overflowY": "auto",
          }
        }
      />
    </div>
  </div>
</div>
`;
