// Jest Snapshot v1, https://goo.gl/fbAQLP

exports[`test component: A10IconTextGroup should render properly 1`] = `
<span
  className="group "
/>
`;

exports[`test component: A10IconTextGroup should render properly with DISABLED is TRUE: DISABLED IS TRUE 1`] = `
<span
  className="group groupDisabled"
  onClick={[Function]}
/>
`;
